./地方规范性文件\郑州市人民政府关于印发郑州市集体破产困难企业和市属原国有困难.xlsx
./地方规范性文件\郑州市财政局郑州市科学技术局关于印发郑州市技术研究与开发经费.xlsx
./地方规范性文件\郑州市人民政府关于印发郑州市单位生产总值能耗统计指标体系实施.xlsx
./地方规范性文件\郑州市人民政府办公厅关于印发郑州市解决城市低收入家庭住房困难.xlsx
./地方规范性文件\河南省郑州市人民政府关于印发郑州市集体破产困难企业和市属原国.xlsx
./地方规范性文件\郑州市人民政府关于开展创建园林单位和园林小区活动的通知.xlsx
./其他\郑州市人民代表大会常务委员会关于修改郑州市水资源管理条例的决.xlsx
./其他\郑州市关于违反政府信息公开规定行为责任追究制度.xlsx
./其他\郑州市政府信息公开保密审查制度.xlsx
./其他\郑州市依申请公开政府信息工作制度.xlsx
./其他\郑州市主要污染物总量减排考核实施办法.xlsx
./其他\郑州市水资源管理条例2008修正.xlsx
./地方规章\郑州市行政机关委托实施行政许可行政处罚办法.xlsx
./地方规章\郑州市城市霓虹灯门头牌匾和夜景照明管理办法.xlsx
./地方规范性文件\郑州市人民政府关于印发郑州市城乡居民基本养老保险试行办法的通.xlsx
./地方规范性文件\郑州市人民政府关于印发郑州市国有土地收购补偿办法试行的通知.xlsx
./地方规范性文件\河南省人民政府关于印发河南省人民政府工作规则等三项工作制度的.xlsx
./地方规范性文件\郑州市建设委员会关于印发郑州市建设委员会建筑节能闭合式监督管.xlsx
./地方规范性文件\河南省人民政府办公厅关于印发河南省探矿权采矿权使用费和价款使.xlsx
./地方规范性文件\河南省人民政府办公厅关于印发河南省彩票公益金管理暂行办法的通.xlsx
./地方规范性文件\河南省人民政府办公厅关于印发河南省政府信息公开指南和公开目录.xlsx
./地方规范性文件\河南省人民政府关于印发河南省单位生产总值能耗统计指标体系实施.xlsx
./地方规范性文件\河南省人民政府办公厅关于印发河南省小型水库移民后期扶持基金征.xlsx
./其他\信阳市主要污染物总量减排监测办法.xlsx
./其他\信阳市主要污染物总量减排监测办法试行.xlsx
./其他\信阳市主要污染物总量减排考核办法.xlsx
./其他\信阳市主要污染物总量减排考核办法试行.xlsx
./其他\洛阳市主要污染物总量减排监测办法.xlsx
./其他\平顶山市政府信息公开新闻发布会管理制度.xlsx
./其他\平顶山市政府信息公开保密审查制度.xlsx
./其他\河南省政府信息公开保密审查制度.xlsx
./其他\河南省政府信息公开新闻发布会管理制度.xlsx
./其他\河南省依申请公开政府信息工作制度.xlsx
./其他\安阳市政府信息公开保密审查制度.xlsx
./其他\河南省关于违反政府信息公开规定行为责任追究制度.xlsx
./其他\焦作市政府信息公开新闻发布会管理制度.xlsx
./其他\焦作市主要污染物总量减排考核办法.xlsx
./其他\许昌市主要污染物总量减排考核办法.xlsx
./其他\河南省主要污染物总量减排考核办法.xlsx
./地方规章\河南省行政效能监察办法.xlsx
./地方规章\河南省发展应用新型墙体材料管理办法.xlsx
./地方法规\淄博市志愿服务条例.xlsx
./地方法规\山东省财政监督条例.xlsx
./地方法规\山东省实施中华人民共和国道路交通安全法办法.xlsx
./地方法规\青岛市无居民海岛管理条例.xlsx
./地方法规\青岛市无居民海岛管理条例.xlsx
./地方法规\山东省各级人民代表大会常务委员会规范性文件备案审查规定.xlsx
./地方法规\青岛市城市供水条例.xlsx
./地方法规\山东省财政监督条例.xlsx
./地方法规\青岛市无居民海岛管理条例.xlsx
./地方法规\山东省实施中华人民共和国道路交通安全法办法.xlsx
./地方法规\山东省淄博市信息化条例.xlsx
./地方法规\淄博市信息化条例.xlsx
./地方法规\济南市城乡规划条例.xlsx
./地方法规\淄博市信息化条例.xlsx
./地方法规\山东省各级人民代表大会常务委员会规范性文件备案审查规定.xlsx
./地方法规\山东省农村公路条例.xlsx
./地方法规\青岛市城市供水条例.xlsx
./地方法规\山东省人大常委会关于修改山东省人民代表大会常务委员会议事规则.xlsx
./地方法规\山东省消费者权益保护条例.xlsx
./地方法规\济南市城乡规划条例.xlsx
./地方法规\山东省地震监测设施与地震观测环境保护条例.xlsx
./地方法规\山东省黄河河道管理条例.xlsx
./地方法规\青岛市志愿服务条例.xlsx
./地方法规\山东省地震监测设施与地震观测环境保护条例.xlsx
./地方法规\山东省特种设备安全监察条例.xlsx
./地方法规\青岛市志愿服务条例.xlsx
./地方法规\济南市城市集中供热管理条例.xlsx
./地方法规\山东省人民代表大会常务委员会关于修改山东省黄河河道管理条例的.xlsx
./地方法规\山东省黄河河道管理条例.xlsx
./地方规章\威海市地方储备粮管理办法.xlsx
./地方规章\威海市民用建筑领域太阳能热水系统推广应用管理规定.xlsx
./地方规章\潍坊市养犬管理规定.xlsx
./地方规章\济南市扬尘污染防治管理规定.xlsx
./地方规章\泰安市信息化促进实施办法.xlsx
./地方规章\济南市优秀创新团队评选管理暂行办法.xlsx
./地方规章\淄博市人大常委会讨论决定重大事项规定.xlsx
./地方规章\淄博市人大常委会听取和审议专项工作报告暂行办法.xlsx
./地方规章\日照市工业用地招标拍卖挂牌出让暂行办法.xlsx
./地方规章\日照市人民政府令第55号日照市工业用地招标拍卖挂牌出让暂行办.xlsx
./地方规章\青岛市森林资源流转管理规定.xlsx
./地方规章\泰安市政府采购管理办法.xlsx
./地方规章\山东省济南市人大常委会关于修改济南市城市集中供热管理条例的决.xlsx
./地方规章\关于修改济南市城市集中供热管理条例的决定.xlsx
./地方规章\济南市人大常委会关于修改济南市城市集中供热管理条例的决定.xlsx
./地方规章\潍坊市廉租住房租赁补贴实施办法.xlsx
./地方规章\潍坊市区经济适用住房货币补贴实施办法.xlsx
./地方规章\山东省企业上市专项扶持资金管理试行办法.xlsx
./地方规章\济南市主要污染物总量减排统计办法.xlsx
./地方规章\济南市主要污染物总量减排考核办法.xlsx
./地方规章\济南市主要污染物总量减排监测办法.xlsx
./地方规章\东营市人民代表大会常务委员会市级预算审查监督办法.xlsx
./地方规章\淄博市人民代表大会常务委员会人事任免办法.xlsx
./地方规章\泰安市价格调节基金征收使用管理办法.xlsx
./地方规章\泰安市城镇廉租住房保障办法.xlsx
./地方规章\山东省渔业养殖与增殖管理办法.xlsx
./地方规章\淄博市节约用水办法.xlsx
./地方规章\菏泽市企业职工生育保险管理试行办法.xlsx
./地方规章\泰安市人民政府令第133号泰安市规范性文件备案办法.xlsx
./地方规章\枣庄市节约用水办法.xlsx
./地方规章\泰安市规范性文件备案办法.xlsx
./地方规章\山东省信访终结意见备案规定.xlsx
./地方规章\山东省信访终结意见公示规定.xlsx
./地方规章\东营市旅游景区建设管理办法.xlsx
./地方规章\东营市科学技术奖励办法.xlsx
./地方规章\泰山风景名胜区服务项目经营管理办法.xlsx
./地方规章\青岛市限价商品住房管理办法.xlsx
./地方规章\青岛市廉租住房保障办法.xlsx
./nan\青岛市经济适用住房管理办法.xlsx
./地方规章\青岛市廉租住房保障办法.xlsx
./地方规章\聊城市大型群众性活动安全管理办法.xlsx
./地方规章\青岛市经济适用住房管理办法.xlsx
./地方规章\菏泽市廉租住房保障办法.xlsx
./地方规章\烟台市城镇居民基本医疗保险试行办法.xlsx
./地方规章\淄博市主要污染物总量减排统计办法.xlsx
./地方规章\德州市房地产开发经营权证明管理办法.xlsx
./地方规章\泰安市主要污染物总量减排监测办法.xlsx
./地方规章\泰安市主要污染物总量减排统计办法.xlsx
./地方规章\泰安市主要污染物总量减排考核办法.xlsx
./地方规章\青岛市公共信息图形标志管理办法.xlsx
./地方规章\泰安市城市基础设施配套费征收使用管理办法.xlsx
./地方规章\山东省信访事项复查复核办法.xlsx
./地方规章\济宁市人民代表大会常务委员会人事任免办法.xlsx
./地方规章\济宁市人民代表大会常务委员会专项工作评议办法.xlsx
./地方规章\滨州市主要污染物总量减排统计办法.xlsx
./地方规章\滨州市主要污染物总量减排监测办法.xlsx
./地方规章\滨州市主要污染物总量减排考核办法.xlsx
./地方规章\泰安市医疗废物集中处置管理办法.xlsx
./地方规章\聊城市污染物减排和环境改善目标责任考核奖惩办法.xlsx
./地方规章\日照市抚恤定补优抚对象医疗保障办法.xlsx
./地方规章\山东省渡运管理办法.xlsx
./地方规章\菏泽市抚恤定补优抚对象医疗保障办法.xlsx
./地方规章\济宁市人民代表大会常务委员会讨论决定重大事项的规定.xlsx
./地方规章\泰安市煤矿安全生产监督管理办法.xlsx
./地方规章\山东省主要污染物总量减排统计办法.xlsx
./地方规章\山东省主要污染物总量减排监测办法.xlsx
./地方规章\山东省主要污染物总量减排考核办法.xlsx
./地方规章\日照市地方储备粮管理办法.xlsx
./地方规章\山东省消防安全责任制实施办法.xlsx
./地方规章\枣庄市人民代表大会常务委员会人事任免办法.xlsx
./地方规章\新农村建设五化工程资金使用管理办法.xlsx
./地方规章\日照城市建设档案管理办法.xlsx
./地方规章\泰安市河道管理办法.xlsx
./地方规范性文件\威海市人民政府办公室关于印发威海市行政执法档案管理办法的通知.xlsx
./地方规范性文件\威海市人民政府关于印发威海市抚恤定补优抚对象医疗保障办法的通.xlsx
./地方规范性文件\枣庄市人民政府关于印发枣庄市交通工程质量监督管理办法的通知.xlsx
./地方规范性文件\泰安市人民政府关于印发泰安市地方储备油管理办法的通知.xlsx
./地方规范性文件\山东省威海市人民政府关于印发威海市民用建筑领域太阳能热水系统.xlsx
./地方规范性文件\滨州市人民政府关于印发滨州市旅游景区点开发建设管理办法滨州市.xlsx
./地方规范性文件\枣庄市人民政府关于印发枣庄市村卫生室管理办法的通知.xlsx
./地方规范性文件\菏泽市人民政府关于印发菏泽市城镇居民基本医疗保险实施办法的通.xlsx
./地方规范性文件\威海市人民政府关于印发威海市民用建筑领域太阳能热水系统推广应.xlsx
./地方规范性文件\泰安市人民政府关于印发泰安市城市市区门前三包责任制管理办法的.xlsx
./地方规范性文件\滨州市人民政府关于印发滨州市规范行政处罚裁量权若干规定的通知.xlsx
./地方规范性文件\济南市人民政府关于印发济南市残疾人优惠扶持规定的通知.xlsx
./地方规范性文件\山东省泰安市人民政府办公室关于印发泰安市电子文件归档与管理暂.xlsx
./地方规范性文件\泰安市人民政府关于印发泰安市地租征收管理办法的通知.xlsx
./地方规范性文件\菏泽市人民政府办公室关于印发菏泽市专利产品经营管理暂行办法的.xlsx
./地方规范性文件\山东省国土资源厅关于印发山东省国土资源厅文件材料归档范围和文.xlsx
./地方规范性文件\山东省财政厅关于印发山东省省级旅游发展专项资金管理暂行办法的.xlsx
./地方规范性文件\青岛市财政局青岛市建设委会关于印发青岛市新型墙体材料专项基金.xlsx
./地方规范性文件\威海市人民政府关于印发威海市规范行政处罚自由裁量权规定的通知.xlsx
./地方规范性文件\潍坊市人民政府关于印发潍坊市养犬管理规定的通知.xlsx
./地方规范性文件\泰安市人民政府关于印发泰安市重大危险源监督管理办法试行的通知.xlsx
./地方规范性文件\山东省泰安市人民政府关于印发泰安市城市市区门前三包责任制管理.xlsx
./地方规范性文件\滨州市人民政府关于印发滨州市城市商品房预售管理办法的通知.xlsx
./地方规范性文件\威海市人民政府关于印发威海市地方储备粮管理办法的通知.xlsx
./地方规范性文件\济南市人民政府关于加快创新团队建设的意见.xlsx
./地方规范性文件\日照市人民政府关于印发日照市农村宅基地管理暂行办法的通知.xlsx
./地方规范性文件\山东省农业厅关于印发山东省农业厅固定资产管理暂行办法的通知.xlsx
./地方规范性文件\德州市人民政府办公室关于印发德州市市级政府投资工程项目政府采.xlsx
./地方规范性文件\山东省安全生产监督管理局关于印发山东省液氨储存与装卸安全生产.xlsx
./地方规范性文件\济南市农业局关于印发济南市农业科技示范培训中心建设管理暂行办.xlsx
./地方规范性文件\东营市财政局东营市教育局关于印发东营市教师培训专项资金管理暂.xlsx
./地方规范性文件\山东省青岛市对外经济贸易局关于印发重点出口行业调度工作规则的.xlsx
./地方规范性文件\日照市人民政府关于印发日照市市级财政性城市建设资金管理暂行办.xlsx
./地方规范性文件\东营市人民政府办公室关于印发东营市导游人员管理办法的通知.xlsx
./地方规范性文件\聊城市人民政府办公室关于印发聊城市金融业综合考核奖励暂行办法.xlsx
./地方规范性文件\山东省财政厅山东省人民政府外事办公室山东省监察厅山东省审计厅.xlsx
./地方规范性文件\威海市人民政府办公室关于印发威海市落实政府及其有关部门安全生.xlsx
./地方规范性文件\泰安市人民政府关于印发泰安市消防安全责任制实施细则的通知.xlsx
./地方规范性文件\山东省建设厅关于印发山东省民用建筑能效测评标识管理暂行办法的.xlsx
./地方规范性文件\山东省建设厅关于印发山东省民用建筑能测评标识管理暂行办法的通.xlsx
./地方规范性文件\山东省财政厅山东省教育厅关于印发山东省高等学校教学质量与教学.xlsx
./地方规范性文件\滨州市人民政府关于印发滨州市信息化建设管理规定的通知.xlsx
./地方规范性文件\枣庄市人民政府关于印发枣庄市股权质押贷款管理暂行办法的通知.xlsx
./地方规范性文件\泰安市人民政府关于印发泰安市安全生产事故隐患排查治理办法的通.xlsx
./地方规范性文件\山东省泰安市人民政府关于印发泰安市安全生产事故隐患排查治理办.xlsx
./地方规范性文件\泰安市人民政府关于印发泰安市行政区域界线管理办法的通知.xlsx
./地方规范性文件\青岛市人民政府办公厅关于印发青岛市城市绿化补偿费征收管理办法.xlsx
./地方规范性文件\山东省青岛市劳动和社会保障局关于印发青岛市城镇职工基本医疗保.xlsx
./地方规范性文件\山东省青岛市劳动和社会保障局关于印发青岛市城镇职工基本医疗保.xlsx
./地方规范性文件\山东省煤炭工业局关于印发山东省煤矿放顶煤开采安全技术管理暂行.xlsx
./地方规范性文件\山东省烟台市牟平区人民政府印发关于落实政府及有关部门安全生产.xlsx
./地方规范性文件\山东省学位委员会山东省教育厅关于印发山东省研究生联合培养基地.xlsx
./地方规范性文件\山东省莱芜市人民政府关于印发莱芜市集体土地房屋登记办法的通知.xlsx